#./src/main/resources/Entities.map
#Mon Jan 15 15:28:12 CET 2018
story6=1851
story5=1850
message4=1775
story4=1849
message3=1774
story3=1848
message2=1773
story2=1847
message1=1772
story1=1846
spamFolderRanger4=1693
spamFolderRanger3=1687
spamFolderRanger2=1681
contact1=1826
spamFolderRanger1=1675
inboxFolderSponsor2=1767
rootFolderRanger4=1688
inboxFolderSponsor1=1761
rootFolderRanger3=1682
rootFolderRanger2=1676
rootFolderRanger1=1670
spamFolderAdministrator1=1759
river=1792
sponsorship1=1856
outboxFolderSponsor2=1768
outboxFolderSponsor1=1762
personalRecord4=1661
lake=1791
personalRecord3=1660
personalRecord2=1659
personalRecord1=1658
manager1=1796
spamFolderAuditor2=1711
Administrator1=1853
spamFolderAuditor1=1705
rootFolderAuditor2=1706
rootFolderAuditor1=1700
survivalclass5=1866
survivalclass4=1865
survivalclass3=1864
survivalclass2=1863
survivalclass1=1862
stage7=1803
trashboxFolderAuditor2=1710
stage6=1802
trashboxFolderAuditor1=1704
stage5=1801
curricula4=1665
stage4=1800
notificationboxFolderAuditor2=1709
curricula3=1664
stage3=1805
notificationboxFolderAuditor1=1703
curricula2=1663
stage2=1799
curricula1=1662
stage1=1798
rootCategory=1785
climbing=1793
rootFolderManager1=1694
endorserRecord9=1634
endorserRecord8=1633
endorserRecord7=1632
endorserRecord6=1631
endorserRecord5=1630
endorserRecord4=1629
endorserRecord3=1628
outboxFolderAuditor2=1708
application9=1844
endorserRecord2=1627
outboxFolderAuditor1=1702
application8=1843
endorserRecord1=1626
application7=1842
application6=1841
application5=1840
application4=1839
application3=1838
notificationboxFolderAdministrator1=1757
application2=1837
application1=1836
savana=1788
trip8=1811
userAccount19=1611
trip7=1810
userAccount18=1610
trip6=1809
userAccount17=1609
trip5=1808
notificationboxFolderManager1=1697
trip4=1807
inboxFolderAuditor2=1707
userAccount15=1608
trip3=1806
inboxFolderAuditor1=1701
userAccount14=1607
trip2=1804
userAccount13=1606
trip1=1797
outboxFolderAdministrator1=1756
userAccount12=1605
userAccount11=1604
spamFolderManager1=1699
userAccount10=1603
creditCard2=1835
trashboxFolderExplorer7=1752
creditCard1=1834
trashboxFolderExplorer6=1746
trashboxFolderExplorer5=1740
trashboxFolderExplorer4=1734
trashboxFolderExplorer3=1728
application10=1845
trashboxFolderExplorer2=1722
trashboxFolderExplorer1=1716
mountain2=1795
rootFolderAdministrator1=1754
trashboxFolderManager1=1698
mountain=1789
socialIdentity2=1777
socialIdentity1=1776
trashboxFolderRanger4=1692
trashboxFolderRanger3=1686
trashboxFolderRanger2=1680
trashboxFolderRanger1=1674
educationRecord9=1656
inboxFolderManager1=1695
educationRecord8=1655
educationRecord7=1654
educationRecord6=1653
educationRecord5=1652
educationRecord4=1651
educationRecord3=1650
educationRecord2=1649
educationRecord1=1648
outboxFolderManager1=1696
inboxFolderExplorer7=1749
inboxFolderExplorer6=1743
inboxFolderExplorer5=1737
inboxFolderExplorer4=1731
inboxFolderExplorer3=1725
inboxFolderExplorer2=1719
inboxFolderExplorer1=1713
river2=1794
endorserRecord11=1636
endorserRecord10=1635
notificationboxFolderRanger4=1691
notificationboxFolderRanger3=1685
notificationboxFolderRanger2=1679
notificationboxFolderRanger1=1673
finder1=1852
auditRecord6=1825
auditRecord5=1824
auditRecord4=1823
auditRecord3=1822
auditRecord2=1821
auditRecord1=1820
note6=1819
note5=1818
note4=1817
professionalRecord9=1645
note3=1816
professionalRecord8=1644
note2=1815
professionalRecord7=1643
sponsor2=1855
note1=1814
professionalRecord6=1642
sponsor1=1854
professionalRecord5=1641
professionalRecord4=1640
professionalRecord3=1639
professionalRecord2=1638
professionalRecord1=1637
ground=1787
miscellaneousRecord13=1625
notificationboxFolderExplorer7=1751
miscellaneousRecord12=1624
notificationboxFolderExplorer6=1745
miscellaneousRecord11=1623
notificationboxFolderExplorer5=1739
miscellaneousRecord10=1622
notificationboxFolderExplorer4=1733
notificationboxFolderExplorer3=1727
notificationboxFolderExplorer2=1721
notificationboxFolderExplorer1=1715
inboxFolderRanger4=1689
inboxFolderRanger3=1683
inboxFolderRanger2=1677
inboxFolderRanger1=1671
spamFolderExplorer7=1753
spamFolderExplorer6=1747
spamFolderExplorer5=1741
spamFolderExplorer4=1735
spamFolderExplorer3=1729
spamFolderExplorer2=1723
spamFolderExplorer1=1717
outboxFolderExplorer7=1750
outboxFolderExplorer6=1744
outboxFolderExplorer5=1738
legalText7=1784
outboxFolderExplorer4=1732
legalText6=1783
outboxFolderExplorer3=1726
legalText5=1782
outboxFolderExplorer2=1720
legalText4=1781
outboxFolderExplorer1=1714
legalText3=1780
legalText2=1779
legalText1=1778
location5=1861
location4=1860
location3=1859
location2=1858
location1=1857
rootFolderSponsor2=1766
rootFolderSponsor1=1760
miscellaneousRecord9=1621
userAccount9=1602
miscellaneousRecord8=1620
userAccount8=1601
miscellaneousRecord7=1619
userAccount7=1600
miscellaneousRecord6=1618
userAccount6=1599
miscellaneousRecord5=1617
userAccount5=1598
professionalRecord11=1647
miscellaneousRecord4=1616
userAccount4=1597
professionalRecord10=1646
miscellaneousRecord3=1615
userAccount3=1596
miscellaneousRecord2=1614
userAccount2=1595
miscellaneousRecord1=1613
userAccount1=1594
inboxFolderAdministrator1=1755
explorer7=1833
explorer6=1832
explorer5=1831
systemConfiguration=1612
explorer4=1830
rootFolderExplorer7=1748
explorer3=1829
rootFolderExplorer6=1742
explorer2=1828
notificationboxFolderSponsor2=1769
rootFolderExplorer5=1736
explorer1=1827
notificationboxFolderSponsor1=1763
rootFolderExplorer4=1730
rootFolderExplorer3=1724
rootFolderExplorer2=1718
category1=1786
rootFolderExplorer1=1712
spamFolderSponsor2=1771
trashboxFolderAdministrator1=1758
spamFolderSponsor1=1765
outboxFolderRanger4=1690
outboxFolderRanger3=1684
outboxFolderRanger2=1678
outboxFolderRanger1=1672
water=1790
ranger4=1669
ranger3=1668
ranger2=1667
ranger1=1666
auditor2=1813
auditor1=1812
educationRecord10=1657
trashboxFolderSponsor2=1770
trashboxFolderSponsor1=1764
